// Jest Snapshot v1, https://goo.gl/fbAQLP

exports[`test Navigation component Navigation component renders loading spinner during api call 1`] = `
Object {
  "asFragment": [Function],
  "baseElement": <body>
    <div>
      <div
        class="row"
        id="loading"
      >
        <span
          id="loader"
          style="width: 8rem; height: 8rem; border-radius: 100%; border: 2px solid; border-top-color: #5788e4; border-bottom-color: transparent; border-left-color: #5788e4; border-right-color: #5788e4; display: inline-block; animation: react-spinners-ClipLoader-clip 0.75s 0s infinite linear; animation-fill-mode: both; border-width: 7px;"
        />
      </div>
    </div>
  </body>,
  "container": <div>
    <div
      class="row"
      id="loading"
    >
      <span
        id="loader"
        style="width: 8rem; height: 8rem; border-radius: 100%; border: 2px solid; border-top-color: #5788e4; border-bottom-color: transparent; border-left-color: #5788e4; border-right-color: #5788e4; display: inline-block; animation: react-spinners-ClipLoader-clip 0.75s 0s infinite linear; animation-fill-mode: both; border-width: 7px;"
      />
    </div>
  </div>,
  "debug": [Function],
  "findAllByAltText": [Function],
  "findAllByDisplayValue": [Function],
  "findAllByLabelText": [Function],
  "findAllByPlaceholderText": [Function],
  "findAllByRole": [Function],
  "findAllByTestId": [Function],
  "findAllByText": [Function],
  "findAllByTitle": [Function],
  "findByAltText": [Function],
  "findByDisplayValue": [Function],
  "findByLabelText": [Function],
  "findByPlaceholderText": [Function],
  "findByRole": [Function],
  "findByTestId": [Function],
  "findByText": [Function],
  "findByTitle": [Function],
  "getAllByAltText": [Function],
  "getAllByDisplayValue": [Function],
  "getAllByLabelText": [Function],
  "getAllByPlaceholderText": [Function],
  "getAllByRole": [Function],
  "getAllByTestId": [Function],
  "getAllByText": [Function],
  "getAllByTitle": [Function],
  "getByAltText": [Function],
  "getByDisplayValue": [Function],
  "getByLabelText": [Function],
  "getByPlaceholderText": [Function],
  "getByRole": [Function],
  "getByTestId": [Function],
  "getByText": [Function],
  "getByTitle": [Function],
  "queryAllByAltText": [Function],
  "queryAllByDisplayValue": [Function],
  "queryAllByLabelText": [Function],
  "queryAllByPlaceholderText": [Function],
  "queryAllByRole": [Function],
  "queryAllByTestId": [Function],
  "queryAllByText": [Function],
  "queryAllByTitle": [Function],
  "queryByAltText": [Function],
  "queryByDisplayValue": [Function],
  "queryByLabelText": [Function],
  "queryByPlaceholderText": [Function],
  "queryByRole": [Function],
  "queryByTestId": [Function],
  "queryByText": [Function],
  "queryByTitle": [Function],
  "rerender": [Function],
  "unmount": [Function],
}
`;
